../Core/Sensores/GPS/gps.c:166:6:detectarGPS	32	static
../Core/Sensores/GPS/gps.c:152:6:iniciarDriverGPS	8	static
../Core/Sensores/GPS/gps.c:101:6:iniciarGPS	40	static
../Core/Sensores/GPS/gps.c:227:6:ajustarBloqueConfigGPS	0	static
../Core/Sensores/GPS/gps.c:240:6:enviarBloqueConfigGPS	16	static
../Core/Sensores/GPS/gps.c:266:6:actualizarFailsafeGPS	0	static
../Core/Sensores/GPS/gps.c:302:6:asignarGPSgen	32	static
../Core/Sensores/GPS/gps.c:360:6:calcularPesosMezclaGPS	32	static
../Core/Sensores/GPS/gps.c:509:6:mezclarMedidasGPS	96	static
../Core/Sensores/GPS/gps.c:287:6:calcularGPSgen	8	static
../Core/Sensores/GPS/gps.c:595:6:leerGPS	32	static
../Core/Sensores/GPS/gps.c:618:6:leerDriverGPS	16	static
../Core/Sensores/GPS/gps.c:661:9:numGPSconectados	0	static
../Core/Sensores/GPS/gps.c:673:6:gpsGenOperativo	0	static
../Core/Sensores/GPS/gps.c:685:6:localizacionGPS	0	static
../Core/Sensores/GPS/gps.c:697:7:vel2dGPS	0	static
../Core/Sensores/GPS/gps.c:709:7:velAngularGPS	0	static
../Core/Sensores/GPS/gps.c:721:9:satelitesGPS	0	static
../Core/Sensores/GPS/gps.c:733:6:localizacionNumGPS	0	static
../Core/Sensores/GPS/gps.c:745:7:vel2dNumGPS	0	static
../Core/Sensores/GPS/gps.c:757:7:velAngularNumGPS	0	static
../Core/Sensores/GPS/gps.c:769:9:satelitesNumGPS	0	static
