../Core/FC/rc.c:108:6:iniciarRC	4	static
../Core/FC/rc.c:173:6:procesarSecuenciaRC	32	static
../Core/FC/rc.c:236:6:resetearSecuenciaRC	0	static
../Core/FC/rc.c:250:6:ajustarSecuenciaRC	0	static
../Core/FC/rc.c:263:6:actualizarSecuenciaRC	16	static
../Core/FC/rc.c:290:6:comprobarPosicionStickRC	0	static
../Core/FC/rc.c:313:6:generarRefRollPitchRC	48	static
../Core/FC/rc.c:339:6:generarRefYawRC	56	static
../Core/FC/rc.c:365:6:generarRefAltRC	40	static
../Core/FC/rc.c:412:6:actualizarModoRC	32	static
../Core/FC/rc.c:134:6:actualizarRC	8	static
../Core/FC/rc.c:446:6:asignarModoRC	0	static
../Core/FC/rc.c:469:6:comprobarModoEstopRC	24	static
../Core/FC/rc.c:504:6:antirreboteRC	16	static
../Core/FC/rc.c:537:10:rangoPWMValidoRC	0	static
../Core/FC/rc.c:552:9:convertirPWMaAnguloRC	32	static
../Core/FC/rc.c:577:9:convertirPWMaRangoRC	24	static
../Core/FC/rc.c:600:7:normalizarCanalRC	32	static
../Core/FC/rc.c:627:6:activarEstopRC	0	static
../Core/FC/rc.c:644:6:desactivarEstopRC	0	static
../Core/FC/rc.c:661:6:sistemaEnEStop	0	static
../Core/FC/rc.c:673:9:modoRC	0	static
../Core/FC/rc.c:685:6:refAngulosRC	0	static
../Core/FC/rc.c:699:7:refAlturaRC	0	static
