../Core/Drivers/flash.c:78:6:resetearGrabadorFlash	16	static
../Core/Drivers/flash.c:90:9:estadoGrabadorFlash	16	static
../Core/Drivers/flash.c:102:6:desbloquearGrabadorFlash	24	static
../Core/Drivers/flash.c:121:9:bloquearGrabadorFlash	16	static
../Core/Drivers/flash.c:137:9:escribirGrabadorFlash	32	static
../Core/Drivers/flash.c:157:9:flushGrabadorFlash	16	static
../Core/Drivers/flash.c:191:10:sectorParaConfigGrabadorFlash	8	static
../Core/Drivers/flash.c:275:9:escribirWordGrabadorFlash	56	static
