../Core/Drivers/atomico.h:78:20:restaurarBasepriMem	24	static,ignoring_inline_asm
../Core/Drivers/atomico.h:90:23:ajustarBasepriMax	24	static,ignoring_inline_asm
../Core/Drivers/nvic.c:66:6:NMI_Handler	8	static
../Core/Drivers/nvic.c:87:6:HardFault_Handler	8	static
../Core/Drivers/nvic.c:108:6:MemManage_Handler	8	static
../Core/Drivers/nvic.c:129:6:BusFault_Handler	8	static
../Core/Drivers/nvic.c:150:6:UsageFault_Handler	8	static
../Core/Drivers/nvic.c:171:6:SysTick_Handler	24	static,ignoring_inline_asm
