../Drivers/CMSIS/Include/core_cm7.h:2147:34:__NVIC_SystemReset	4	static,ignoring_inline_asm
../Drivers/CMSIS/Include/core_cm7.h:2491:22:SCB_CleanDCache_by_Addr	32	static,ignoring_inline_asm
../Core/Drivers/reset.c:62:6:resetSistema	8	static,ignoring_inline_asm
../Core/Drivers/reset.c:75:6:resetSistemaAlBootloader	8	static,ignoring_inline_asm
../Core/Drivers/reset.c:91:6:chequearSolicitudBootLoader	40	static,ignoring_inline_asm
../Core/Drivers/reset.c:124:6:rccCSR	4	static
../Core/Drivers/reset.c:136:6:resetSoftware	4	static
