../Core/GP/gp_rtc.h:55:1:configRTC	4	static
../Core/Drivers/rtc.c:96:6:iniciarRTC	8	static
../Core/Drivers/rtc.c:125:6:rtcIniciado	4	static
../Core/Drivers/rtc.c:137:6:fechaHoraPorDefectoRTC	16	static
../Core/Drivers/rtc.c:155:6:tieneHoraRTC	4	static
../Core/Drivers/rtc.c:167:6:fechaHoraValidaRTC	24	static
../Core/Drivers/rtc.c:185:6:ajustarUnixRTC	48	static
../Core/Drivers/rtc.c:204:6:ajustarFechaHoraRTC	24	static
../Core/Drivers/rtc.c:220:6:ajustarHoraInicioUnix	48	static
../Core/Drivers/rtc.c:233:9:generarHoraUnixRTC	56	static
../Core/Drivers/rtc.c:245:6:horaUnixRTC	32	static
../Core/Drivers/rtc.c:261:6:fechaHoraRTC	24	static
../Core/Drivers/rtc.c:282:9:segundosHoraUnixRTC	16	static
../Core/Drivers/rtc.c:294:10:milisegundosHoraUnixRTC	16	static
../Core/Drivers/rtc.c:306:9:fechaHoraAtiempoUnixRTC	48	static
../Core/Drivers/rtc.c:326:6:horaUnixAfechaHoraRTC	40	static
../Core/Drivers/rtc.c:365:6:fechaHoraConOffsetRTC	48	static
../Core/Drivers/rtc.c:379:6:fechaHoraUTCaLocal	40	static
../Core/Drivers/rtc.c:391:6:formatearFechaHora	104	static
../Core/Drivers/rtc.c:427:6:formatearfechaHoraUTC	32	static
../Core/Drivers/rtc.c:439:6:formatearFechaHoraLocal	40	static
../Core/Drivers/rtc.c:452:6:formatearFechaHoraLocalCorta	32	static
