../Drivers/CMSIS/Include/core_cm7.h:2464:22:SCB_InvalidateDCache_by_Addr	32	static,ignoring_inline_asm
../Drivers/CMSIS/Include/core_cm7.h:2491:22:SCB_CleanDCache_by_Addr	32	static,ignoring_inline_asm
../Core/GP/gp_sdmmc.h:66:1:configSDMMC	4	static
../Core/Drivers/sdmmc_hal.c:74:6:iniciarDriverSDMMC	16	static
../Core/Drivers/sdmmc_hal.c:170:6:iniciarTarjetaSDMMC	16	static
../Core/Drivers/sdmmc_hal.c:211:11:leerInfoSDMMC	80	static
../Core/Drivers/sdmmc_hal.c:416:6:estadoSDMMC	16	static
../Core/Drivers/sdmmc_hal.c:431:10:chequearEscrituraSDMMC	16	static
../Core/Drivers/sdmmc_hal.c:448:10:chequearLecturaSDMMC	16	static
../Core/Drivers/sdmmc_hal.c:465:25:escribirBloquesSDMMC	32	static
../Core/Drivers/sdmmc_hal.c:496:25:leerBloquesSDMMC	32	static
../Core/Drivers/sdmmc_hal.c:528:6:HAL_SD_TxCpltCallback	24	static
../Core/Drivers/sdmmc_hal.c:543:6:HAL_SD_RxCpltCallback	24	static
../Core/Drivers/sdmmc_hal.c:561:6:HAL_SD_AbortCallback	24	static
../Core/Drivers/sdmmc_hal.c:578:6:SDMMC1_IRQHandler	16	static
../Core/Drivers/sdmmc_hal.c:591:6:SDMMC2_IRQHandler	16	static
../Core/Drivers/sdmmc_hal.c:604:6:habilitarRelojSDMMC	16	static
