../Core/Drivers/uart_hal.c:68:6:iniciarDriverUART	32	static
../Core/Drivers/uart_hal.c:144:20:flushUART	24	static
../Core/Drivers/uart_hal.c:162:20:escribirUART	24	static
../Core/Drivers/uart_hal.c:180:20:escribirBufferUART	24	static
../Core/Drivers/uart_hal.c:193:23:leerUART	24	static
../Core/Drivers/uart_hal.c:219:20:leerBufferUART	32	static
../Core/Drivers/uart_hal.c:232:24:bytesRecibidosUART	24	static
../Core/Drivers/uart_hal.c:249:20:bufferTxVacioUART	24	static
../Core/Drivers/uart_hal.c:262:24:bytesLibresBufferTxUART	24	static
../Core/Drivers/uart_hal.c:279:20:handlerIrqUART	24	static
../Core/Drivers/uart_hal.c:359:6:USART1_IRQHandler	8	static
../Core/Drivers/uart_hal.c:371:20:USART2_IRQHandler	8	static
../Core/Drivers/uart_hal.c:383:20:USART3_IRQHandler	8	static
../Core/Drivers/uart_hal.c:395:20:UART4_IRQHandler	8	static
../Core/Drivers/uart_hal.c:407:20:UART5_IRQHandler	8	static
../Core/Drivers/uart_hal.c:419:20:USART6_IRQHandler	8	static
../Core/Drivers/uart_hal.c:431:20:UART7_IRQHandler	8	static
../Core/Drivers/uart_hal.c:443:20:UART8_IRQHandler	8	static
../Core/Drivers/uart_hal.c:455:6:habilitarRelojUART	48	static
