../Core/Drivers/atomico.h:78:20:restaurarBasepriMem	24	static,ignoring_inline_asm
../Core/Drivers/atomico.h:90:23:ajustarBasepriMax	24	static,ignoring_inline_asm
../Core/GP/gp_usb.h:57:1:configUSB	4	static
../Core/Drivers/usb_hal_CDC.c:84:22:punteroUSBInterfazCDC	4	static
../Core/Drivers/usb_hal_CDC.c:96:8:iniciarCDC	32	static
../Core/Drivers/usb_hal_CDC.c:125:8:deIniciarCDC	4	static
../Core/Drivers/usb_hal_CDC.c:137:8:controlCDC	32	static
../Core/Drivers/usb_hal_CDC.c:206:8:recibirCDC	32	static
../Core/Drivers/usb_hal_CDC.c:230:8:transmisionCompletaCDC	24	static
../Core/Drivers/usb_hal_CDC.c:246:20:escribirUSB	32	static,ignoring_inline_asm
../Core/Drivers/usb_hal_CDC.c:266:20:escribirBufferUSB	24	static
../Core/Drivers/usb_hal_CDC.c:279:23:leerUSB	16	static
../Core/Drivers/usb_hal_CDC.c:305:20:leerBufferUSB	32	static
../Core/Drivers/usb_hal_CDC.c:318:20:flushUSB	16	static
../Core/Drivers/usb_hal_CDC.c:336:24:bytesRecibidosUSB	32	static,ignoring_inline_asm
../Core/Drivers/usb_hal_CDC.c:358:20:bufferTxVacioUSB	24	static,ignoring_inline_asm
../Core/Drivers/usb_hal_CDC.c:377:24:bytesLibresBufferTxUSB	16	static
../Core/Drivers/usb_hal_CDC.c:394:20:enviarDatoUSB	24	static
