../Core/GP/gp_imu.h:70:1:configIMU	16	static
../Core/GP/gp_calibrador.h:63:1:configCalIMU	16	static
../Core/Sensores/IMU/imu.c:116:6:iniciarIMU	16	static
../Core/Sensores/IMU/imu.c:213:6:iniciarDriverIMU	40	static
../Core/Sensores/IMU/imu.c:238:20:actualizarFailsafeIMU	16	static
../Core/Sensores/IMU/imu.c:259:20:calcularIMUGen	80	static
../Core/Sensores/IMU/imu.c:331:20:leerIMU	24	static
../Core/Sensores/IMU/imu.c:363:20:leerDriverIMU	112	static
../Core/Sensores/IMU/imu.c:435:20:actualizarIMU	24	static
../Core/Sensores/IMU/imu.c:461:20:actualizarDriverIMU	16	static
../Core/Sensores/IMU/imu.c:473:20:corregirIMU	32	static
../Core/Sensores/IMU/imu.c:496:20:rotarIMU	72	static
../Core/Sensores/IMU/imu.c:534:20:actualizarIMUoperativo	24	static
../Core/Sensores/IMU/imu.c:553:6:imuOperativa	16	static
../Core/Sensores/IMU/imu.c:565:6:imusOperativas	16	static
../Core/Sensores/IMU/imu.c:583:20:medidasIMUok	24	static
../Core/Sensores/IMU/imu.c:600:9:numIMUsConectadas	4	static
../Core/Sensores/IMU/imu.c:612:6:imuGenOperativa	4	static
../Core/Sensores/IMU/imu.c:624:6:giroIMU	16	static
../Core/Sensores/IMU/imu.c:638:6:acelIMU	16	static
../Core/Sensores/IMU/imu.c:652:7:tempIMU	4	static
../Core/Sensores/IMU/imu.c:664:6:giroNumIMU	16	static
../Core/Sensores/IMU/imu.c:678:6:acelNumIMU	16	static
../Core/Sensores/IMU/imu.c:692:7:tempNumIMU	16	static
