../Core/Drivers/rtc.c:96:6:iniciarRTC	8	static
../Core/Drivers/rtc.c:125:6:rtcIniciado	0	static
../Core/Drivers/rtc.c:137:6:fechaHoraPorDefectoRTC	0	static
../Core/Drivers/rtc.c:155:6:tieneHoraRTC	0	static
../Core/Drivers/rtc.c:167:6:fechaHoraValidaRTC	16	static
../Core/Drivers/rtc.c:204:6:ajustarFechaHoraRTC	32	static
../Core/Drivers/rtc.c:220:6:ajustarHoraInicioUnix	32	static
../Core/Drivers/rtc.c:233:9:generarHoraUnixRTC	0	static
../Core/Drivers/rtc.c:245:6:horaUnixRTC	16	static
../Core/Drivers/rtc.c:282:9:segundosHoraUnixRTC	8	static
../Core/Drivers/rtc.c:294:10:milisegundosHoraUnixRTC	8	static
../Core/Drivers/rtc.c:306:9:fechaHoraAtiempoUnixRTC	24	static
../Core/Drivers/rtc.c:326:6:horaUnixAfechaHoraRTC	24	static
../Core/Drivers/rtc.c:185:6:ajustarUnixRTC	32	static
../Core/Drivers/rtc.c:261:6:fechaHoraRTC	16	static
../Core/Drivers/rtc.c:365:6:fechaHoraConOffsetRTC	40	static
../Core/Drivers/rtc.c:379:6:fechaHoraUTCaLocal	40	static
../Core/Drivers/rtc.c:391:6:formatearFechaHora	104	static
../Core/Drivers/rtc.c:427:6:formatearfechaHoraUTC	72	static
../Core/Drivers/rtc.c:439:6:formatearFechaHoraLocal	96	static
../Core/Drivers/rtc.c:452:6:formatearFechaHoraLocalCorta	72	static
