../Core/Drivers/usb_hal.c:146:8:deIniciarCDC	0	static
../Core/Drivers/usb_hal.c:246:8:transmisionCompletaCDC	0	static
../Core/Drivers/usb_hal.c:227:8:recibirCDC	16	static
../Core/Drivers/usb_hal.c:410:20:enviarDatoUSB	16	static
../Core/Drivers/usb_hal.c:158:8:controlCDC	8	static
../Core/Drivers/usb_hal.c:117:8:iniciarCDC	16	static
../Core/Drivers/usb_hal.c:87:6:iniciarDriverUSB	16	static
../Core/Drivers/usb_hal.c:262:20:escribirUSB	16	static,ignoring_inline_asm
../Core/Drivers/usb_hal.c:282:20:escribirBufferUSB	32	static,ignoring_inline_asm
../Core/Drivers/usb_hal.c:295:23:leerUSB	8	static
../Core/Drivers/usb_hal.c:321:20:leerBufferUSB	16	static
../Core/Drivers/usb_hal.c:334:20:flushUSB	8	static
../Core/Drivers/usb_hal.c:352:24:bytesRecibidosUSB	8	static,ignoring_inline_asm
../Core/Drivers/usb_hal.c:374:20:bufferTxVacioUSB	8	static,ignoring_inline_asm
../Core/Drivers/usb_hal.c:393:24:bytesLibresBufferTxUSB	8	static
../Core/Drivers/usb_hal.c:459:6:OTG_FS_IRQHandler	8	static
../Core/Drivers/usb_hal.c:472:6:HAL_PCD_MspInit	16	static
../Core/Drivers/usb_hal.c:495:6:HAL_PCD_MspDeInit	0	static
../Core/Drivers/usb_hal.c:510:6:HAL_PCD_SetupStageCallback	0	static
../Core/Drivers/usb_hal.c:522:6:HAL_PCD_DataOutStageCallback	0	static
../Core/Drivers/usb_hal.c:534:6:HAL_PCD_DataInStageCallback	0	static
../Core/Drivers/usb_hal.c:546:6:HAL_PCD_SOFCallback	0	static
../Core/Drivers/usb_hal.c:558:6:HAL_PCD_ResetCallback	8	static
../Core/Drivers/usb_hal.c:588:6:HAL_PCD_SuspendCallback	8	static
../Core/Drivers/usb_hal.c:605:6:HAL_PCD_ResumeCallback	0	static
../Core/Drivers/usb_hal.c:617:6:HAL_PCD_ISOOUTIncompleteCallback	0	static
../Core/Drivers/usb_hal.c:629:6:HAL_PCD_ISOINIncompleteCallback	0	static
../Core/Drivers/usb_hal.c:641:6:HAL_PCD_ConnectCallback	0	static
../Core/Drivers/usb_hal.c:653:6:HAL_PCD_DisconnectCallback	0	static
../Core/Drivers/usb_hal.c:665:20:USBD_LL_Init	16	static
../Core/Drivers/usb_hal.c:701:20:USBD_LL_DeInit	8	static
../Core/Drivers/usb_hal.c:717:20:USBD_LL_Start	8	static
../Core/Drivers/usb_hal.c:732:20:USBD_LL_Stop	8	static
../Core/Drivers/usb_hal.c:747:20:USBD_LL_OpenEP	8	static
../Core/Drivers/usb_hal.c:762:20:USBD_LL_CloseEP	8	static
../Core/Drivers/usb_hal.c:777:20:USBD_LL_FlushEP	8	static
../Core/Drivers/usb_hal.c:792:20:USBD_LL_StallEP	8	static
../Core/Drivers/usb_hal.c:807:20:USBD_LL_ClearStallEP	8	static
../Core/Drivers/usb_hal.c:822:9:USBD_LL_IsStallEP	0	static
../Core/Drivers/usb_hal.c:839:20:USBD_LL_SetUSBAddress	8	static
../Core/Drivers/usb_hal.c:854:20:USBD_LL_Transmit	8	static
../Core/Drivers/usb_hal.c:869:20:USBD_LL_PrepareReceive	8	static
../Core/Drivers/usb_hal.c:885:10:USBD_LL_GetRxDataSize	0	static
../Core/Drivers/usb_hal.c:897:20:estadoUSB	0	static
