../Core/Sensores/Magnetometro/magnetometro.c:97:6:iniciarMag	40	static
../Core/Sensores/Magnetometro/magnetometro.c:200:6:iniciarDriverMag	16	static
../Core/Sensores/Magnetometro/magnetometro.c:229:6:actualizarFailsafeMag	0	static
../Core/Sensores/Magnetometro/magnetometro.c:250:6:calcularMagGen	0	static
../Core/Sensores/Magnetometro/magnetometro.c:287:6:leerMag	48	static
../Core/Sensores/Magnetometro/magnetometro.c:311:6:leerDriverMag	24	static
../Core/Sensores/Magnetometro/magnetometro.c:331:6:actualizarMag	24	static
../Core/Sensores/Magnetometro/magnetometro.c:349:6:actualizarDriverMag	0	static
../Core/Sensores/Magnetometro/magnetometro.c:361:6:magOperativo	0	static
../Core/Sensores/Magnetometro/magnetometro.c:373:6:actualizarMagOperativo	8	static
../Core/Sensores/Magnetometro/magnetometro.c:391:6:calibrarDriverMag	8	static
../Core/Sensores/Magnetometro/magnetometro.c:410:6:rotarMag	32	static
../Core/Sensores/Magnetometro/magnetometro.c:438:6:magsOperativos	0	static
../Core/Sensores/Magnetometro/magnetometro.c:456:6:campoMagOk	16	static
../Core/Sensores/Magnetometro/magnetometro.c:494:9:numMagsConectados	0	static
../Core/Sensores/Magnetometro/magnetometro.c:506:6:magGenOperativo	0	static
../Core/Sensores/Magnetometro/magnetometro.c:518:6:campoMag	0	static
../Core/Sensores/Magnetometro/magnetometro.c:532:6:campoNumMag	0	static
