../Core/GP/gp_gps.h:65:1:configGPS	16	static
../Core/Sensores/GPS/gps.c:101:6:iniciarGPS	24	static
../Core/Sensores/GPS/gps.c:152:6:iniciarDriverGPS	16	static
../Core/Sensores/GPS/gps.c:166:6:detectarGPS	32	static
../Core/Sensores/GPS/gps.c:227:6:ajustarBloqueConfigGPS	24	static
../Core/Sensores/GPS/gps.c:240:6:enviarBloqueConfigGPS	24	static
../Core/Sensores/GPS/gps.c:266:6:actualizarFailsafeGPS	16	static
../Core/Sensores/GPS/gps.c:287:6:calcularGPSgen	16	static
../Core/Sensores/GPS/gps.c:302:6:asignarGPSgen	32	static
../Core/Sensores/GPS/gps.c:360:6:calcularPesosMezclaGPS	112	static
../Core/Sensores/GPS/gps.c:509:6:mezclarMedidasGPS	88	static
../Core/Sensores/GPS/gps.c:595:6:leerGPS	24	static
../Core/Sensores/GPS/gps.c:618:6:leerDriverGPS	24	static
../Core/Sensores/GPS/gps.c:661:9:numGPSconectados	4	static
../Core/Sensores/GPS/gps.c:673:6:gpsGenOperativo	4	static
../Core/Sensores/GPS/gps.c:685:6:localizacionGPS	16	static
../Core/Sensores/GPS/gps.c:697:7:vel2dGPS	4	static
../Core/Sensores/GPS/gps.c:709:7:velAngularGPS	4	static
../Core/Sensores/GPS/gps.c:721:9:satelitesGPS	4	static
../Core/Sensores/GPS/gps.c:733:6:localizacionNumGPS	16	static
../Core/Sensores/GPS/gps.c:745:7:vel2dNumGPS	16	static
../Core/Sensores/GPS/gps.c:757:7:velAngularNumGPS	16	static
../Core/Sensores/GPS/gps.c:769:9:satelitesNumGPS	16	static
