../Core/GP/gp_gps.h:65:1:configGPS	16	static
../Core/GP/gp_rtc.h:55:1:configRTC	4	static
../Core/Sensores/GPS/gps_ublox.c:158:6:iniciarGPSublox	24	static
../Core/Sensores/GPS/gps_ublox.c:191:6:detectarGPSublox	16	static
../Core/Sensores/GPS/gps_ublox.c:262:6:solcitarSiguienteConfigGPSublox	32	static
../Core/Sensores/GPS/gps_ublox.c:353:6:solicitarPuertoGPSublox	24	static
../Core/Sensores/GPS/gps_ublox.c:368:6:solicitarFrecuenciaMensajeGPSublox	32	static
../Core/Sensores/GPS/gps_ublox.c:384:6:enviarMensajeGPSublox	40	static
../Core/Sensores/GPS/gps_ublox.c:414:6:actualizarChecksumGPSublox	24	static
../Core/Sensores/GPS/gps_ublox.c:430:6:leerGPSublox	32	static
../Core/Sensores/GPS/gps_ublox.c:552:6:analizarTramaGPSublox	184	static
../Core/Sensores/GPS/gps_ublox.c:917:6:verificarFrecuenciaMensajeGPSublox	24	static
../Core/Sensores/GPS/gps_ublox.c:999:6:configurarFrecuenciaMensajeGPSublox	32	static
../Core/Sensores/GPS/gps_ublox.c:1018:6:configurarFrecuenciaNavegacionGPSublox	32	static
../Core/Sensores/GPS/gps_ublox.c:1035:6:mensajeInesperadoGPSublox	24	static
