../Core/Sensores/Calibrador/calibrador_mag.c:179:6:terminarCalMag	8	static
../Core/Sensores/Calibrador/calibrador_mag.c:200:6:actualizarCalMag	0	static
../Core/Sensores/Calibrador/calibrador_mag.c:264:6:calibracionMagExitosa	0	static
../Core/Sensores/Calibrador/calibrador_mag.c:276:15:parametrosCalMAg	8	static
../Core/Sensores/Calibrador/calibrador_mag.c:311:6:ejecutandoCalibracionMag	0	static
../Core/Sensores/Calibrador/calibrador_mag.c:323:6:ajustandoCalMAg	0	static
../Core/Sensores/Calibrador/calibrador_mag.c:335:6:iniciarFitnessCalMAg	6064	static
../Core/Sensores/Calibrador/calibrador_mag.c:355:6:resetearEstadoCalMAg	8	static
../Core/Sensores/Calibrador/calibrador_mag.c:453:6:comprobarResultadosCalMag	0	static
../Core/Sensores/Calibrador/calibrador_mag.c:480:6:filtrarMuestrasCalMag	56	static
../Core/Sensores/Calibrador/calibrador_mag.c:382:6:ajustarEstadoCalMag	24	static
../Core/Sensores/Calibrador/calibrador_mag.c:131:6:iniciarCalMag	48	static
../Core/Sensores/Calibrador/calibrador_mag.c:288:6:cogerMuestraCalMag	48	static
../Core/Sensores/Calibrador/calibrador_mag.c:513:6:aceptarMuestraCalMag	48	static
../Core/Sensores/Calibrador/calibrador_mag.c:546:6:calcularOffsetMagInicial	4	static
../Core/Sensores/Calibrador/calibrador_mag.c:746:6:calcularJacobianoEsfera	0	static
../Core/Sensores/Calibrador/calibrador_mag.c:570:6:ajustarEsferaCalMag	7408	static
../Core/Sensores/Calibrador/calibrador_mag.c:772:6:calcularJacobianoElipse	0	static
../Core/Sensores/Calibrador/calibrador_mag.c:659:6:ajustarElipseCalMag	7424	static
../Core/Sensores/Calibrador/calibrador_mag.c:804:7:calcularResiduo	0	static
../Core/Sensores/Calibrador/calibrador_mag.c:825:7:calcularResiduoMedioCuadrado	4	static
