../Core/Blackbox/asyncfatfs/asyncfatfs.c:3368:13:afatfs_freeFileCreated	0	static
../Core/Blackbox/asyncfatfs/asyncfatfs.c:832:6:afatfs_flush.part.0	24	static
../Core/Blackbox/asyncfatfs/asyncfatfs.c:630:13:afatfs_sdcardReadComplete	4	static
../Core/Blackbox/asyncfatfs/asyncfatfs.c:656:13:afatfs_sdcardWriteComplete	4	static
../Core/Blackbox/asyncfatfs/asyncfatfs.c:919:32:afatfs_cacheSector	40	static
../Core/Blackbox/asyncfatfs/asyncfatfs.c:1350:32:afatfs_FATFillWithPattern	48	static
../Core/Blackbox/asyncfatfs/asyncfatfs.c:1207:34:afatfs_findClusterWithCondition	56	static
../Core/Blackbox/asyncfatfs/asyncfatfs.c:1659:32:afatfs_appendSuperclusterContinue	24	static
../Core/Blackbox/asyncfatfs/asyncfatfs.c:2836:13:afatfs_fcloseContinue	16	static
../Core/Blackbox/asyncfatfs/asyncfatfs.c:1112:32:afatfs_FATGetNextCluster.constprop	24	static
../Core/Blackbox/asyncfatfs/asyncfatfs.c:1939:13:afatfs_fseekAtomic	32	static
../Core/Blackbox/asyncfatfs/asyncfatfs.c:1140:32:afatfs_FATSetNextCluster	24	static
../Core/Blackbox/asyncfatfs/asyncfatfs.c:1517:32:afatfs_appendRegularFreeClusterContinue	24	static
../Core/Blackbox/asyncfatfs/asyncfatfs.c:2212:32:afatfs_extendSubdirectoryContinue	48	static
../Core/Blackbox/asyncfatfs/asyncfatfs.c:3073:10:afatfs_fwrite.part.0	56	static
../Core/Blackbox/asyncfatfs/asyncfatfs.c:2407:32:afatfs_ftruncateContinue	40	static
../Core/Blackbox/asyncfatfs/asyncfatfs.c:720:6:afatfs_sectorCacheInSync	0	static
../Core/Blackbox/asyncfatfs/asyncfatfs.c:832:6:afatfs_flush	0	static
../Core/Blackbox/asyncfatfs/asyncfatfs.c:862:6:afatfs_isFull	0	static
../Core/Blackbox/asyncfatfs/asyncfatfs.c:2096:25:afatfs_fseek	32	static
../Core/Blackbox/asyncfatfs/asyncfatfs.c:2142:6:afatfs_ftell	0	static
../Core/Blackbox/asyncfatfs/asyncfatfs.c:2160:25:afatfs_findNext	40	static
../Core/Blackbox/asyncfatfs/asyncfatfs.c:2561:13:afatfs_createFileContinue	40	static
../Core/Blackbox/asyncfatfs/asyncfatfs.c:3209:13:afatfs_fileOperationContinue.part.0	32	static
../Core/Blackbox/asyncfatfs/asyncfatfs.c:3403:13:afatfs_initContinue	48	static
../Core/Blackbox/asyncfatfs/asyncfatfs.c:2197:6:afatfs_findLast	0	static
../Core/Blackbox/asyncfatfs/asyncfatfs.c:2206:6:afatfs_findFirst	4	static
../Core/Blackbox/asyncfatfs/asyncfatfs.c:2514:6:afatfs_ftruncate	4	static
../Core/Blackbox/asyncfatfs/asyncfatfs.c:2755:6:afatfs_funlink	4	static
../Core/Blackbox/asyncfatfs/asyncfatfs.c:2892:6:afatfs_fclose	8	static
../Core/Blackbox/asyncfatfs/asyncfatfs.c:2915:6:afatfs_mkdir	32	static
../Core/Blackbox/asyncfatfs/asyncfatfs.c:2935:6:afatfs_chdir	16	static
../Core/Blackbox/asyncfatfs/asyncfatfs.c:2996:6:afatfs_fopen	40	static
../Core/Blackbox/asyncfatfs/asyncfatfs.c:3043:6:afatfs_fputc	16	static
../Core/Blackbox/asyncfatfs/asyncfatfs.c:3073:10:afatfs_fwrite	0	static
../Core/Blackbox/asyncfatfs/asyncfatfs.c:3140:10:afatfs_fread	56	static
../Core/Blackbox/asyncfatfs/asyncfatfs.c:3201:6:afatfs_feof	0	static
../Core/Blackbox/asyncfatfs/asyncfatfs.c:3271:10:afatfs_getContiguousFreeSpace	0	static
../Core/Blackbox/asyncfatfs/asyncfatfs.c:3533:6:afatfs_poll	8	static
../Core/Blackbox/asyncfatfs/asyncfatfs.c:3596:25:afatfs_getFilesystemState	0	static
../Core/Blackbox/asyncfatfs/asyncfatfs.c:3601:15:afatfs_getLastError	0	static
../Core/Blackbox/asyncfatfs/asyncfatfs.c:3606:6:afatfs_init	0	static
../Core/Blackbox/asyncfatfs/asyncfatfs.c:3625:6:afatfs_destroy	16	static
../Core/Blackbox/asyncfatfs/asyncfatfs.c:3691:10:afatfs_getFreeBufferSpace	0	static
