../Core/GP/gp_rc.h:104:1:configCanalRC	16	static
../Core/GP/gp_rc.h:105:1:configRefRC	4	static
../Core/GP/gp_rc.h:106:1:configModoRC	4	static
../Core/GP/gp_rc.h:107:1:configSecuenciaRC	4	static
../Core/FC/rc.c:108:6:iniciarRC	8	static
../Core/FC/rc.c:141:6:actualizarRC	16	static
../Core/FC/rc.c:184:6:procesarSecuenciaRC	24	static
../Core/FC/rc.c:247:6:resetearSecuenciaRC	16	static
../Core/FC/rc.c:261:6:ajustarSecuenciaRC	16	static
../Core/FC/rc.c:274:6:actualizarSecuenciaRC	24	static
../Core/FC/rc.c:301:6:comprobarPosicionStickRC	16	static
../Core/FC/rc.c:324:6:generarRefRollPitchRC	56	static
../Core/FC/rc.c:350:6:generarRefYawRC	72	static
../Core/FC/rc.c:376:6:generarRefAltRC	96	static
../Core/FC/rc.c:423:6:actualizarModoRC	24	static
../Core/FC/rc.c:457:6:asignarModoRC	32	static
../Core/FC/rc.c:480:6:comprobarModoEstopRC	24	static
../Core/FC/rc.c:520:6:antirreboteRC	24	static
../Core/FC/rc.c:553:10:rangoPWMValidoRC	16	static
../Core/FC/rc.c:568:9:convertirPWMaAnguloRC	32	static
../Core/FC/rc.c:593:9:convertirPWMaRangoRC	32	static
../Core/FC/rc.c:616:7:normalizarCanalRC	40	static
../Core/FC/rc.c:643:6:activarEstopRC	8	static
../Core/FC/rc.c:660:6:desactivarEstopRC	8	static
../Core/FC/rc.c:677:6:sistemaEnEStop	4	static
../Core/FC/rc.c:689:9:modoRC	4	static
../Core/FC/rc.c:701:6:refAngulosRC	16	static
../Core/FC/rc.c:715:7:refAlturaRC	4	static
