../Core/GP/gp_magnetometro.h:69:1:configMag	16	static
../Core/Sensores/Magnetometro/magnetometro.c:97:6:iniciarMag	16	static
../Core/Sensores/Magnetometro/magnetometro.c:200:6:iniciarDriverMag	16	static
../Core/Sensores/Magnetometro/magnetometro.c:229:6:actualizarFailsafeMag	16	static
../Core/Sensores/Magnetometro/magnetometro.c:250:6:calcularMagGen	40	static
../Core/Sensores/Magnetometro/magnetometro.c:297:6:leerMag	24	static
../Core/Sensores/Magnetometro/magnetometro.c:324:6:leerDriverMag	16	static
../Core/Sensores/Magnetometro/magnetometro.c:344:6:actualizarMag	24	static
../Core/Sensores/Magnetometro/magnetometro.c:366:6:actualizarDriverMag	16	static
../Core/Sensores/Magnetometro/magnetometro.c:378:6:magOperativo	16	static
../Core/Sensores/Magnetometro/magnetometro.c:390:6:actualizarMagOperativo	24	static
../Core/Sensores/Magnetometro/magnetometro.c:408:6:calibrarDriverMag	16	static
../Core/Sensores/Magnetometro/magnetometro.c:427:6:rotarMag	48	static
../Core/Sensores/Magnetometro/magnetometro.c:455:6:magsOperativos	16	static
../Core/Sensores/Magnetometro/magnetometro.c:473:6:campoMagOk	40	static
../Core/Sensores/Magnetometro/magnetometro.c:511:9:numMagsConectados	4	static
../Core/Sensores/Magnetometro/magnetometro.c:523:6:magGenOperativo	4	static
../Core/Sensores/Magnetometro/magnetometro.c:535:6:campoMag	16	static
../Core/Sensores/Magnetometro/magnetometro.c:549:6:campoNumMag	16	static
