../Core/Blackbox/asyncfatfs/asyncfatfs.c:503:17:roundUpTo	24	static
../Core/Blackbox/asyncfatfs/asyncfatfs.c:514:13:isPowerOfTwo	16	static
../Core/Blackbox/asyncfatfs/asyncfatfs.c:526:13:afatfs_assert	16	static
../Core/Blackbox/asyncfatfs/asyncfatfs.c:541:13:afatfs_fileIsBusy	16	static
../Core/Blackbox/asyncfatfs/asyncfatfs.c:551:17:afatfs_fatEntriesPerSector	4	static
../Core/Blackbox/asyncfatfs/asyncfatfs.c:560:10:afatfs_clusterSize	4	static
../Core/Blackbox/asyncfatfs/asyncfatfs.c:568:17:afatfs_byteIndexInCluster	16	static
../Core/Blackbox/asyncfatfs/asyncfatfs.c:576:17:afatfs_sectorIndexInCluster	16	static
../Core/Blackbox/asyncfatfs/asyncfatfs.c:582:17:afatfs_cacheSectorGetMemory	16	static
../Core/Blackbox/asyncfatfs/asyncfatfs.c:587:12:afatfs_getCacheDescriptorIndexForBuffer	24	static
../Core/Blackbox/asyncfatfs/asyncfatfs.c:598:38:afatfs_getCacheDescriptorForBuffer	16	static
../Core/Blackbox/asyncfatfs/asyncfatfs.c:603:13:afatfs_cacheSectorMarkDirty	16	static
../Core/Blackbox/asyncfatfs/asyncfatfs.c:612:13:afatfs_cacheSectorInit	24	static
../Core/Blackbox/asyncfatfs/asyncfatfs.c:630:13:afatfs_sdcardReadComplete	32	static
../Core/Blackbox/asyncfatfs/asyncfatfs.c:656:13:afatfs_sdcardWriteComplete	32	static
../Core/Blackbox/asyncfatfs/asyncfatfs.c:687:13:afatfs_cacheFlushSector	32	static
../Core/Blackbox/asyncfatfs/asyncfatfs.c:720:6:afatfs_sectorCacheInSync	16	static
../Core/Blackbox/asyncfatfs/asyncfatfs.c:736:38:afatfs_findCacheSector	24	static
../Core/Blackbox/asyncfatfs/asyncfatfs.c:758:12:afatfs_allocateCacheSector	40	static
../Core/Blackbox/asyncfatfs/asyncfatfs.c:832:6:afatfs_flush	24	static
../Core/Blackbox/asyncfatfs/asyncfatfs.c:862:6:afatfs_isFull	4	static
../Core/Blackbox/asyncfatfs/asyncfatfs.c:871:17:afatfs_fatSectorToPhysical	16	static
../Core/Blackbox/asyncfatfs/asyncfatfs.c:876:17:afatfs_fileClusterToPhysical	16	static
../Core/Blackbox/asyncfatfs/asyncfatfs.c:881:17:afatfs_fileGetCursorPhysicalSector	24	static
../Core/Blackbox/asyncfatfs/asyncfatfs.c:894:13:afatfs_fileGetCursorClusterAndSector	24	static
../Core/Blackbox/asyncfatfs/asyncfatfs.c:919:32:afatfs_cacheSector	40	static
../Core/Blackbox/asyncfatfs/asyncfatfs.c:992:13:afatfs_parseMBR	24	static
../Core/Blackbox/asyncfatfs/asyncfatfs.c:1019:13:afatfs_parseVolumeID	32	static
../Core/Blackbox/asyncfatfs/asyncfatfs.c:1075:13:afatfs_getFATPositionForCluster	32	static
../Core/Blackbox/asyncfatfs/asyncfatfs.c:1090:13:afatfs_FATIsEndOfChainMarker	16	static
../Core/Blackbox/asyncfatfs/asyncfatfs.c:1112:32:afatfs_FATGetNextCluster	40	static
../Core/Blackbox/asyncfatfs/asyncfatfs.c:1140:32:afatfs_FATSetNextCluster	40	static
../Core/Blackbox/asyncfatfs/asyncfatfs.c:1170:13:afatfs_fileUpdateFilesize	24	static
../Core/Blackbox/asyncfatfs/asyncfatfs.c:1175:13:afatfs_fileUnlockCacheSector	24	static
../Core/Blackbox/asyncfatfs/asyncfatfs.c:1207:34:afatfs_findClusterWithCondition	64	static
../Core/Blackbox/asyncfatfs/asyncfatfs.c:1311:32:afatfs_fileGetNextCluster	32	static
../Core/Blackbox/asyncfatfs/asyncfatfs.c:1350:32:afatfs_FATFillWithPattern	88	static
../Core/Blackbox/asyncfatfs/asyncfatfs.c:1451:32:afatfs_saveDirectoryEntry	32	static
../Core/Blackbox/asyncfatfs/asyncfatfs.c:1517:32:afatfs_appendRegularFreeClusterContinue	24	static
../Core/Blackbox/asyncfatfs/asyncfatfs.c:1601:13:afatfs_appendRegularFreeClusterInitOperationState	16	static
../Core/Blackbox/asyncfatfs/asyncfatfs.c:1622:32:afatfs_appendRegularFreeCluster	16	static
../Core/Blackbox/asyncfatfs/asyncfatfs.c:1644:10:afatfs_superClusterSize	16	static
../Core/Blackbox/asyncfatfs/asyncfatfs.c:1659:32:afatfs_appendSuperclusterContinue	32	static
../Core/Blackbox/asyncfatfs/asyncfatfs.c:1747:32:afatfs_appendSupercluster	24	static
../Core/Blackbox/asyncfatfs/asyncfatfs.c:1778:32:afatfs_appendFreeCluster	24	static
../Core/Blackbox/asyncfatfs/asyncfatfs.c:1799:13:afatfs_isEndOfAllocatedFile	16	static
../Core/Blackbox/asyncfatfs/asyncfatfs.c:1814:17:afatfs_fileRetainCursorSectorForRead	32	static
../Core/Blackbox/asyncfatfs/asyncfatfs.c:1859:17:afatfs_fileLockCursorSectorForWrite	64	static
../Core/Blackbox/asyncfatfs/asyncfatfs.c:1939:13:afatfs_fseekAtomic	48	static
../Core/Blackbox/asyncfatfs/asyncfatfs.c:2002:13:afatfs_fseekInternalContinue	40	static
../Core/Blackbox/asyncfatfs/asyncfatfs.c:2059:32:afatfs_fseekInternal	32	static
../Core/Blackbox/asyncfatfs/asyncfatfs.c:2096:25:afatfs_fseek	40	static
../Core/Blackbox/asyncfatfs/asyncfatfs.c:2142:6:afatfs_ftell	16	static
../Core/Blackbox/asyncfatfs/asyncfatfs.c:2160:25:afatfs_findNext	32	static
../Core/Blackbox/asyncfatfs/asyncfatfs.c:2197:6:afatfs_findLast	16	static
../Core/Blackbox/asyncfatfs/asyncfatfs.c:2206:6:afatfs_findFirst	16	static
../Core/Blackbox/asyncfatfs/asyncfatfs.c:2212:32:afatfs_extendSubdirectoryContinue	48	static
../Core/Blackbox/asyncfatfs/asyncfatfs.c:2313:32:afatfs_extendSubdirectory	32	static
../Core/Blackbox/asyncfatfs/asyncfatfs.c:2352:32:afatfs_allocateDirectoryEntry	32	static
../Core/Blackbox/asyncfatfs/asyncfatfs.c:2389:24:afatfs_allocateFileHandle	16	static
../Core/Blackbox/asyncfatfs/asyncfatfs.c:2407:32:afatfs_ftruncateContinue	56	static
../Core/Blackbox/asyncfatfs/asyncfatfs.c:2514:6:afatfs_ftruncate	24	static
../Core/Blackbox/asyncfatfs/asyncfatfs.c:2553:13:afatfs_fileLoadDirectoryEntry	24	static
../Core/Blackbox/asyncfatfs/asyncfatfs.c:2561:13:afatfs_createFileContinue	40	static
../Core/Blackbox/asyncfatfs/asyncfatfs.c:2728:13:afatfs_initFileHandle	16	static
../Core/Blackbox/asyncfatfs/asyncfatfs.c:2735:13:afatfs_funlinkContinue	24	static
../Core/Blackbox/asyncfatfs/asyncfatfs.c:2755:6:afatfs_funlink	24	static
../Core/Blackbox/asyncfatfs/asyncfatfs.c:2793:24:afatfs_createFile	32	static
../Core/Blackbox/asyncfatfs/asyncfatfs.c:2836:13:afatfs_fcloseContinue	32	static
../Core/Blackbox/asyncfatfs/asyncfatfs.c:2892:6:afatfs_fclose	16	static
../Core/Blackbox/asyncfatfs/asyncfatfs.c:2915:6:afatfs_mkdir	32	static
../Core/Blackbox/asyncfatfs/asyncfatfs.c:2935:6:afatfs_chdir	16	static
../Core/Blackbox/asyncfatfs/asyncfatfs.c:2996:6:afatfs_fopen	40	static
../Core/Blackbox/asyncfatfs/asyncfatfs.c:3043:6:afatfs_fputc	24	static
../Core/Blackbox/asyncfatfs/asyncfatfs.c:3073:10:afatfs_fwrite	48	static
../Core/Blackbox/asyncfatfs/asyncfatfs.c:3140:10:afatfs_fread	56	static
../Core/Blackbox/asyncfatfs/asyncfatfs.c:3201:6:afatfs_feof	16	static
../Core/Blackbox/asyncfatfs/asyncfatfs.c:3209:13:afatfs_fileOperationContinue	16	static
../Core/Blackbox/asyncfatfs/asyncfatfs.c:3253:13:afatfs_fileOperationsPoll	16	static
../Core/Blackbox/asyncfatfs/asyncfatfs.c:3271:10:afatfs_getContiguousFreeSpace	4	static
../Core/Blackbox/asyncfatfs/asyncfatfs.c:3280:13:afatfs_findLargestContiguousFreeBlockBegin	8	static
../Core/Blackbox/asyncfatfs/asyncfatfs.c:3298:32:afatfs_findLargestContiguousFreeBlockContinue	72	static
../Core/Blackbox/asyncfatfs/asyncfatfs.c:3368:13:afatfs_freeFileCreated	16	static
../Core/Blackbox/asyncfatfs/asyncfatfs.c:3403:13:afatfs_initContinue	40	static
../Core/Blackbox/asyncfatfs/asyncfatfs.c:3533:6:afatfs_poll	8	static
../Core/Blackbox/asyncfatfs/asyncfatfs.c:3596:25:afatfs_getFilesystemState	4	static
../Core/Blackbox/asyncfatfs/asyncfatfs.c:3601:15:afatfs_getLastError	4	static
../Core/Blackbox/asyncfatfs/asyncfatfs.c:3606:6:afatfs_init	4	static
../Core/Blackbox/asyncfatfs/asyncfatfs.c:3625:6:afatfs_destroy	24	static
../Core/Blackbox/asyncfatfs/asyncfatfs.c:3691:10:afatfs_getFreeBufferSpace	16	static
