../Core/GP/gp_sistema.h:56:1:configSistema	4	static
../Core/Scheduler/scheduler.c:83:6:limpiarColaTareas	8	static
../Core/Scheduler/scheduler.c:97:6:anadirTareaEnCola	24	static
../Core/Scheduler/scheduler.c:122:6:quitarTareaDeCola	24	static
../Core/Scheduler/scheduler.c:141:6:tareaEnCola	24	static
../Core/Scheduler/scheduler.c:157:24:primeraTareaCola	4	static
../Core/Scheduler/scheduler.c:170:24:siguienteTareaCola	4	static
../Core/Scheduler/scheduler.c:182:6:iniciarScheduler	8	static
../Core/Scheduler/scheduler.c:195:6:ajustarFrecuenciaEjecucionTarea	40	static
../Core/Scheduler/scheduler.c:219:6:calcularCargaScheduler	16	static
../Core/Scheduler/scheduler.c:250:9:cargaScheduler	4	static
../Core/Scheduler/scheduler.c:262:6:habilitarEstadisticasScheduler	4	static
../Core/Scheduler/scheduler.c:274:6:deshabilitarEstadisticasScheduler	4	static
../Core/Scheduler/scheduler.c:286:6:infoTarea	16	static
../Core/Scheduler/scheduler.c:306:6:resetearEstadisticasTarea	16	static
../Core/Scheduler/scheduler.c:329:6:resetearTiempoMaxEjecTarea	16	static
../Core/Scheduler/scheduler.c:346:6:actualizarBitVidaScheduler	16	static
../Core/Scheduler/scheduler.c:366:20:scheduler	616	static
