../Middlewares/STM32_USB_Device_Library/Core/Src/usbd_core.c:90:20:USBD_Init	0	static
../Middlewares/STM32_USB_Device_Library/Core/Src/usbd_core.c:137:20:USBD_DeInit	8	static
../Middlewares/STM32_USB_Device_Library/Core/Src/usbd_core.c:176:20:USBD_RegisterClass	24	static
../Middlewares/STM32_USB_Device_Library/Core/Src/usbd_core.c:208:20:USBD_Start	0	static
../Middlewares/STM32_USB_Device_Library/Core/Src/usbd_core.c:220:20:USBD_Stop	8	static
../Middlewares/STM32_USB_Device_Library/Core/Src/usbd_core.c:247:20:USBD_RunTestMode	0	static
../Middlewares/STM32_USB_Device_Library/Core/Src/usbd_core.c:263:20:USBD_SetClassConfig	0	static
../Middlewares/STM32_USB_Device_Library/Core/Src/usbd_core.c:283:20:USBD_ClrClassConfig	8	static
../Middlewares/STM32_USB_Device_Library/Core/Src/usbd_core.c:301:20:USBD_LL_SetupStage	16	static
../Middlewares/STM32_USB_Device_Library/Core/Src/usbd_core.c:340:20:USBD_LL_DataOutStage	16	static
../Middlewares/STM32_USB_Device_Library/Core/Src/usbd_core.c:408:20:USBD_LL_DataInStage	16	static
../Middlewares/STM32_USB_Device_Library/Core/Src/usbd_core.c:497:20:USBD_LL_Reset	16	static
../Middlewares/STM32_USB_Device_Library/Core/Src/usbd_core.c:531:20:USBD_LL_SetSpeed	0	static
../Middlewares/STM32_USB_Device_Library/Core/Src/usbd_core.c:546:20:USBD_LL_Suspend	0	static
../Middlewares/STM32_USB_Device_Library/Core/Src/usbd_core.c:561:20:USBD_LL_Resume	0	static
../Middlewares/STM32_USB_Device_Library/Core/Src/usbd_core.c:578:20:USBD_LL_SOF	8	static
../Middlewares/STM32_USB_Device_Library/Core/Src/usbd_core.c:597:20:USBD_LL_IsoINIncomplete	0	static
../Middlewares/STM32_USB_Device_Library/Core/Src/usbd_core.c:613:20:USBD_LL_IsoOUTIncomplete	0	static
../Middlewares/STM32_USB_Device_Library/Core/Src/usbd_core.c:629:20:USBD_LL_DevConnected	0	static
../Middlewares/STM32_USB_Device_Library/Core/Src/usbd_core.c:643:20:USBD_LL_DevDisconnected	8	static
