../Core/GP/gp_sd.h:63:1:configSD	4	static
../Core/Blackbox/sd.c:70:7:punteroSD	4	static
../Core/Blackbox/sd.c:82:6:iniciarPinDeteccionSD	8	static
../Core/Blackbox/sd.c:95:6:iniciarSD	8	static
../Core/Blackbox/sd.c:130:6:tarjetaSDinsertada	4	static
../Core/Blackbox/sd.c:152:6:tarjetaSDiniciada	4	static
../Core/Blackbox/sd.c:164:6:tarjetaSDfuncional	4	static
../Core/Blackbox/sd.c:176:22:leerMetadatosSD	4	static
../Core/Blackbox/sd.c:188:6:sondearSD	8	static
../Core/Blackbox/sd.c:203:6:leerBloqueSD	32	static
../Core/Blackbox/sd.c:215:21:iniciarEscrituraBloquesSD	16	static
../Core/Blackbox/sd.c:227:21:escribirBloqueSD	32	static
