../Core/Sensores/IMU/imu.c:205:6:iniciarDriverIMU	32	static
../Core/Sensores/IMU/imu.c:108:6:iniciarIMU	40	static
../Core/Sensores/IMU/imu.c:230:20:actualizarFailsafeIMU	0	static
../Core/Sensores/IMU/imu.c:251:20:calcularIMUGen	8	static
../Core/Sensores/IMU/imu.c:422:20:actualizarIMU	24	static
../Core/Sensores/IMU/imu.c:457:20:actualizarDriverIMU	0	static
../Core/Sensores/IMU/imu.c:469:20:corregirIMU	0	static
../Core/Sensores/IMU/imu.c:492:20:rotarIMU	32	static
../Core/Sensores/IMU/imu.c:350:20:leerDriverIMU	32	static
../Core/Sensores/IMU/imu.c:321:20:leerIMU	8	static
../Core/Sensores/IMU/imu.c:530:20:actualizarIMUoperativo	8	static
../Core/Sensores/IMU/imu.c:549:6:imuOperativa	0	static
../Core/Sensores/IMU/imu.c:561:6:imusOperativas	0	static
../Core/Sensores/IMU/imu.c:579:20:medidasIMUok	0	static
../Core/Sensores/IMU/imu.c:596:9:numIMUsConectadas	0	static
../Core/Sensores/IMU/imu.c:608:6:imuGenOperativa	0	static
../Core/Sensores/IMU/imu.c:620:6:giroIMU	0	static
../Core/Sensores/IMU/imu.c:634:6:acelIMU	0	static
../Core/Sensores/IMU/imu.c:648:7:tempIMU	0	static
../Core/Sensores/IMU/imu.c:660:6:giroNumIMU	0	static
../Core/Sensores/IMU/imu.c:674:6:acelNumIMU	0	static
../Core/Sensores/IMU/imu.c:688:7:tempNumIMU	0	static
