../Core/Blackbox/blackbox.c:201:6:iniciarBlackbox	16	static
../Core/Blackbox/blackbox.c:227:6:finalizarBlackbox	8	static
../Core/Blackbox/blackbox.c:252:6:arrancarBlackbox	0	static
../Core/Blackbox/blackbox.c:264:6:pausarBlackbox	0	static
../Core/Blackbox/blackbox.c:276:6:resetearIteradoresBlackbox	0	static
../Core/Blackbox/blackbox.c:290:6:ajustarEstadoBlackbox	16	static
../Core/Blackbox/blackbox.c:450:6:lanzarBlackbox	8	static
../Core/Blackbox/blackbox.c:468:6:actualizarIteradoresBlackbox	8	static
../Core/Blackbox/blackbox.c:482:6:enviarDefCampoBlackbox	48	static
../Core/Blackbox/blackbox.c:564:6:escribirInfoSistemaBlackbox	80	static
../Core/Blackbox/blackbox.c:592:7:obtenerFechaHoraBlackbox	32	static
../Core/Blackbox/blackbox.c:613:9:numDriversBlackbox	0	static
../Core/Blackbox/blackbox.c:649:6:escribirLogEventoBlackbox	16	static
../Core/Blackbox/blackbox.c:706:6:necesarioEscribirLogRapidoBlackbox	0	static
../Core/Blackbox/blackbox.c:722:6:necesarioEscribirLogLentoBlackbox	0	static
../Core/Blackbox/blackbox.c:739:6:escribirLogRapidoBlackbox	48	static
../Core/Blackbox/blackbox.c:794:6:escribirLogLentoBlackbox	32	static
../Core/Blackbox/blackbox.c:689:6:iterarLogBlackbox	0	static
../Core/Blackbox/blackbox.c:339:6:actualizarBlackbox	40	static
