../Core/Sensores/Barometro/barometro.c:223:6:actualizarFailsafeBaro	0	static
../Core/Sensores/Barometro/barometro.c:244:6:calcularBaroGen	0	static
../Core/Sensores/Barometro/barometro.c:282:6:leerBaro	8	static
../Core/Sensores/Barometro/barometro.c:306:6:leerDriverBaro	8	static
../Core/Sensores/Barometro/barometro.c:320:6:actualizarBaro	24	static
../Core/Sensores/Barometro/barometro.c:339:6:actualizarDriverBaro	0	static
../Core/Sensores/Barometro/barometro.c:351:6:actualizarBaroOperativo	8	static
../Core/Sensores/Barometro/barometro.c:370:6:barosOperativos	0	static
../Core/Sensores/Barometro/barometro.c:388:6:calibrarBaro	48	static
../Core/Sensores/Barometro/barometro.c:194:6:iniciarDriverBaro	16	static
../Core/Sensores/Barometro/barometro.c:99:6:iniciarBaro	40	static
../Core/Sensores/Barometro/barometro.c:443:6:actualizarCalibracionBaro	0	static
../Core/Sensores/Barometro/barometro.c:469:6:presionBaroOk	0	static
../Core/Sensores/Barometro/barometro.c:503:6:asignarCorreccionPresion	0	static
../Core/Sensores/Barometro/barometro.c:515:9:numBarosConectados	0	static
../Core/Sensores/Barometro/barometro.c:527:6:baroGenOperativo	0	static
../Core/Sensores/Barometro/barometro.c:539:7:presionBaro	0	static
../Core/Sensores/Barometro/barometro.c:551:7:temperaturaBaro	0	static
../Core/Sensores/Barometro/barometro.c:563:7:presionSueloBaro	0	static
../Core/Sensores/Barometro/barometro.c:575:7:temperaturaSueloBaro	0	static
../Core/Sensores/Barometro/barometro.c:587:7:presionNumBaro	0	static
../Core/Sensores/Barometro/barometro.c:599:7:temperaturaNumBaro	0	static
../Core/Sensores/Barometro/barometro.c:611:7:presionSueloNumBaro	0	static
../Core/Sensores/Barometro/barometro.c:623:7:temperaturaSueloNumBaro	0	static
