../Core/Sensores/Calibrador/calibrador_mag.c:131:6:iniciarCalMag	24	static
../Core/Sensores/Calibrador/calibrador_mag.c:179:6:terminarCalMag	16	static
../Core/Sensores/Calibrador/calibrador_mag.c:200:6:actualizarCalMag	24	static
../Core/Sensores/Calibrador/calibrador_mag.c:264:6:calibracionMagExitosa	16	static
../Core/Sensores/Calibrador/calibrador_mag.c:276:15:parametrosCalMAg	24	static
../Core/Sensores/Calibrador/calibrador_mag.c:288:6:cogerMuestraCalMag	32	static
../Core/Sensores/Calibrador/calibrador_mag.c:311:6:ejecutandoCalibracionMag	16	static
../Core/Sensores/Calibrador/calibrador_mag.c:323:6:ajustandoCalMAg	16	static
../Core/Sensores/Calibrador/calibrador_mag.c:335:6:iniciarFitnessCalMAg	6064	static
../Core/Sensores/Calibrador/calibrador_mag.c:355:6:resetearEstadoCalMAg	16	static
../Core/Sensores/Calibrador/calibrador_mag.c:382:6:ajustarEstadoCalMag	16	static
../Core/Sensores/Calibrador/calibrador_mag.c:453:6:comprobarResultadosCalMag	16	static
../Core/Sensores/Calibrador/calibrador_mag.c:480:6:filtrarMuestrasCalMag	40	static
../Core/Sensores/Calibrador/calibrador_mag.c:513:6:aceptarMuestraCalMag	64	static
../Core/Sensores/Calibrador/calibrador_mag.c:546:6:calcularOffsetMagInicial	24	static
../Core/Sensores/Calibrador/calibrador_mag.c:570:6:ajustarEsferaCalMag	7008	static
../Core/Sensores/Calibrador/calibrador_mag.c:659:6:ajustarElipseCalMag	7048	static
../Core/Sensores/Calibrador/calibrador_mag.c:746:6:calcularJacobianoEsfera	72	static
../Core/Sensores/Calibrador/calibrador_mag.c:772:6:calcularJacobianoElipse	72	static
../Core/Sensores/Calibrador/calibrador_mag.c:804:7:calcularResiduo	72	static
../Core/Sensores/Calibrador/calibrador_mag.c:825:7:calcularResiduoMedioCuadrado	64	static
